// Jest Snapshot v1, https://goo.gl/fbAQLP

exports[`<Profile /> should match snapshot 1`] = `
<Provider
  store={
    Object {
      "clearActions": [Function],
      "dispatch": [Function],
      "getActions": [Function],
      "getState": [Function],
      "replaceReducer": [Function],
      "subscribe": [Function],
    }
  }
>
  <BrowserRouter>
    <Router
      history={
        Object {
          "action": "POP",
          "block": [Function],
          "createHref": [Function],
          "go": [Function],
          "goBack": [Function],
          "goForward": [Function],
          "length": 1,
          "listen": [Function],
          "location": Object {
            "hash": "",
            "pathname": "/",
            "search": "",
            "state": undefined,
          },
          "push": [Function],
          "replace": [Function],
        }
      }
    >
      <ConnectFunction>
        <Profile
          deleteOne={[Function]}
          fetchIncidents={[Function]}
          incidents={
            Array [
              Object {
                "comment": "Est at qui mollitia quisquam et sequi.",
                "location": "1, 2",
                "type": "red-flag",
              },
              Object {
                "comment": "Autem est aut et sed deleniti voluptatem voluptatem mollitia.",
                "location": "1, 2",
                "type": "red-flag",
              },
              Object {
                "comment": "At vitae amet.",
                "location": "1, 2",
                "type": "red-flag",
              },
            ]
          }
          loading={false}
          user={
            Object {
              "email": "Queenie73@yahoo.com",
              "firstname": "Dianna",
              "lastname": "Pagac",
              "phonenumber": "831.015.9605 x559",
              "username": "Estell38",
            }
          }
        >
          <div
            className="profile card-form"
          >
            <Card
              fluid={true}
            >
              <div
                className="ui fluid card"
                onClick={[Function]}
              >
                <CardContent>
                  <div
                    className="content"
                  >
                    <CardHeader
                      as="h1"
                    >
                      <h1
                        className="header"
                      >
                        Dashboard
                      </h1>
                    </CardHeader>
                  </div>
                </CardContent>
                <CardContent>
                  <div
                    className="content"
                  >
                    <Icon
                      as="i"
                      bordered={true}
                      fitted={true}
                      name="user circle"
                      size="huge"
                    >
                      <i
                        aria-hidden="true"
                        className="user circle huge bordered fitted icon"
                        onClick={[Function]}
                      />
                    </Icon>
                    <CardHeader>
                      <div
                        className="header"
                      >
                        Dianna  Pagac
                      </div>
                    </CardHeader>
                    <CardMeta>
                      <div
                        className="meta"
                      >
                        @
                        Estell38
                      </div>
                    </CardMeta>
                    <CardMeta>
                      <div
                        className="meta"
                      >
                        831.015.9605 x559
                      </div>
                    </CardMeta>
                    <CardMeta>
                      <div
                        className="meta"
                      >
                        Queenie73@yahoo.com
                      </div>
                    </CardMeta>
                  </div>
                </CardContent>
                <CardContent>
                  <div
                    className="content"
                  >
                    <CardDescription
                      textAlign="center"
                    >
                      <div
                        className="center aligned description"
                      >
                        <Statistic
                          as="small"
                          color="green"
                        >
                          <small
                            className="ui green statistic"
                          >
                            <StatisticValue
                              content={0}
                            >
                              <div
                                className="value"
                              >
                                0
                              </div>
                            </StatisticValue>
                            <StatisticLabel>
                              <div
                                className="label"
                              >
                                Resolved
                              </div>
                            </StatisticLabel>
                          </small>
                        </Statistic>
                        <Statistic
                          as="small"
                        >
                          <small
                            className="ui statistic"
                          >
                            <StatisticValue
                              content={0}
                            >
                              <div
                                className="value"
                              >
                                0
                              </div>
                            </StatisticValue>
                            <StatisticLabel>
                              <div
                                className="label"
                              >
                                Unesolved
                              </div>
                            </StatisticLabel>
                          </small>
                        </Statistic>
                        <Statistic
                          as="small"
                          color="red"
                        >
                          <small
                            className="ui red statistic"
                          >
                            <StatisticValue
                              content={0}
                            >
                              <div
                                className="value"
                              >
                                0
                              </div>
                            </StatisticValue>
                            <StatisticLabel>
                              <div
                                className="label"
                              >
                                Rejected
                              </div>
                            </StatisticLabel>
                          </small>
                        </Statistic>
                      </div>
                    </CardDescription>
                    <Button
                      as={[Function]}
                      color="red"
                      content="REPORT AN INCIDENT"
                      to="/report"
                    >
                      <Ref
                        innerRef={
                          Object {
                            "current": <a
                              class="ui red button"
                              href="/report"
                              role="button"
                            >
                              REPORT AN INCIDENT
                            </a>,
                          }
                        }
                      >
                        <RefFindNode
                          innerRef={
                            Object {
                              "current": <a
                                class="ui red button"
                                href="/report"
                                role="button"
                              >
                                REPORT AN INCIDENT
                              </a>,
                            }
                          }
                        >
                          <Link
                            className="ui red button"
                            onClick={[Function]}
                            role="button"
                            to="/report"
                          >
                            <a
                              className="ui red button"
                              href="/report"
                              onClick={[Function]}
                              role="button"
                            >
                              REPORT AN INCIDENT
                            </a>
                          </Link>
                        </RefFindNode>
                      </Ref>
                    </Button>
                  </div>
                </CardContent>
                <CardContent>
                  <div
                    className="content"
                  >
                    <Table
                      as="table"
                      singleLine={true}
                      striped={true}
                    >
                      <table
                        className="ui single line striped table"
                      >
                        <TableHeader
                          as="thead"
                        >
                          <thead
                            className=""
                          >
                            <TableRow
                              as="tr"
                              cellAs="td"
                            >
                              <tr
                                className=""
                              >
                                <TableHeaderCell
                                  as="th"
                                >
                                  <TableCell
                                    as="th"
                                    className=""
                                  >
                                    <th
                                      className=""
                                    >
                                      Incident
                                    </th>
                                  </TableCell>
                                </TableHeaderCell>
                                <TableHeaderCell
                                  as="th"
                                >
                                  <TableCell
                                    as="th"
                                    className=""
                                  >
                                    <th
                                      className=""
                                    >
                                      Type
                                    </th>
                                  </TableCell>
                                </TableHeaderCell>
                                <TableHeaderCell
                                  as="th"
                                >
                                  <TableCell
                                    as="th"
                                    className=""
                                  >
                                    <th
                                      className=""
                                    >
                                      Status
                                    </th>
                                  </TableCell>
                                </TableHeaderCell>
                                <TableHeaderCell
                                  as="th"
                                >
                                  <TableCell
                                    as="th"
                                    className=""
                                  >
                                    <th
                                      className=""
                                    >
                                      Actions
                                      <Loader
                                        active={false}
                                      >
                                        <div
                                          className="ui loader"
                                        />
                                      </Loader>
                                    </th>
                                  </TableCell>
                                </TableHeaderCell>
                              </tr>
                            </TableRow>
                          </thead>
                        </TableHeader>
                        <TableBody
                          as="tbody"
                        >
                          <tbody
                            className=""
                          >
                            <TableRow
                              as="tr"
                              cellAs="td"
                            >
                              <tr
                                className=""
                              >
                                <TableCell
                                  as="td"
                                >
                                  <td
                                    className=""
                                  >
                                    Est at qui mollitia quisquam et sequi.
                                  </td>
                                </TableCell>
                                <TableCell
                                  as="td"
                                >
                                  <td
                                    className=""
                                  >
                                    red-flag
                                  </td>
                                </TableCell>
                                <TableCell
                                  as="td"
                                >
                                  <td
                                    className=""
                                  />
                                </TableCell>
                                <TableCell
                                  as="td"
                                >
                                  <td
                                    className=""
                                  >
                                    <Button
                                      as={[Function]}
                                      color="black"
                                      content="VIEW"
                                      icon="eye"
                                      to="/red-flags/undefined"
                                    >
                                      <Ref
                                        innerRef={
                                          Object {
                                            "current": <a
                                              class="ui black button"
                                              href="/red-flags/undefined"
                                              role="button"
                                            >
                                              <i
                                                aria-hidden="true"
                                                class="eye icon"
                                              />
                                              VIEW
                                            </a>,
                                          }
                                        }
                                      >
                                        <RefFindNode
                                          innerRef={
                                            Object {
                                              "current": <a
                                                class="ui black button"
                                                href="/red-flags/undefined"
                                                role="button"
                                              >
                                                <i
                                                  aria-hidden="true"
                                                  class="eye icon"
                                                />
                                                VIEW
                                              </a>,
                                            }
                                          }
                                        >
                                          <Link
                                            className="ui black button"
                                            onClick={[Function]}
                                            role="button"
                                            to="/red-flags/undefined"
                                          >
                                            <a
                                              className="ui black button"
                                              href="/red-flags/undefined"
                                              onClick={[Function]}
                                              role="button"
                                            >
                                              <Icon
                                                as="i"
                                                name="eye"
                                              >
                                                <i
                                                  aria-hidden="true"
                                                  className="eye icon"
                                                  onClick={[Function]}
                                                />
                                              </Icon>
                                              VIEW
                                            </a>
                                          </Link>
                                        </RefFindNode>
                                      </Ref>
                                    </Button>
                                    <Button
                                      as="button"
                                      color="red"
                                      content="DELETE"
                                      icon="trash alternate outline"
                                      onClick={[Function]}
                                    >
                                      <Ref
                                        innerRef={
                                          Object {
                                            "current": <button
                                              class="ui red button"
                                            >
                                              <i
                                                aria-hidden="true"
                                                class="trash alternate outline icon"
                                              />
                                              DELETE
                                            </button>,
                                          }
                                        }
                                      >
                                        <RefFindNode
                                          innerRef={
                                            Object {
                                              "current": <button
                                                class="ui red button"
                                              >
                                                <i
                                                  aria-hidden="true"
                                                  class="trash alternate outline icon"
                                                />
                                                DELETE
                                              </button>,
                                            }
                                          }
                                        >
                                          <button
                                            className="ui red button"
                                            onClick={[Function]}
                                          >
                                            <Icon
                                              as="i"
                                              name="trash alternate outline"
                                            >
                                              <i
                                                aria-hidden="true"
                                                className="trash alternate outline icon"
                                                onClick={[Function]}
                                              />
                                            </Icon>
                                            DELETE
                                          </button>
                                        </RefFindNode>
                                      </Ref>
                                    </Button>
                                  </td>
                                </TableCell>
                              </tr>
                            </TableRow>
                            <TableRow
                              as="tr"
                              cellAs="td"
                            >
                              <tr
                                className=""
                              >
                                <TableCell
                                  as="td"
                                >
                                  <td
                                    className=""
                                  >
                                    Autem est aut et sed deleniti voluptatem voluptatem mollitia.
                                  </td>
                                </TableCell>
                                <TableCell
                                  as="td"
                                >
                                  <td
                                    className=""
                                  >
                                    red-flag
                                  </td>
                                </TableCell>
                                <TableCell
                                  as="td"
                                >
                                  <td
                                    className=""
                                  />
                                </TableCell>
                                <TableCell
                                  as="td"
                                >
                                  <td
                                    className=""
                                  >
                                    <Button
                                      as={[Function]}
                                      color="black"
                                      content="VIEW"
                                      icon="eye"
                                      to="/red-flags/undefined"
                                    >
                                      <Ref
                                        innerRef={
                                          Object {
                                            "current": <a
                                              class="ui black button"
                                              href="/red-flags/undefined"
                                              role="button"
                                            >
                                              <i
                                                aria-hidden="true"
                                                class="eye icon"
                                              />
                                              VIEW
                                            </a>,
                                          }
                                        }
                                      >
                                        <RefFindNode
                                          innerRef={
                                            Object {
                                              "current": <a
                                                class="ui black button"
                                                href="/red-flags/undefined"
                                                role="button"
                                              >
                                                <i
                                                  aria-hidden="true"
                                                  class="eye icon"
                                                />
                                                VIEW
                                              </a>,
                                            }
                                          }
                                        >
                                          <Link
                                            className="ui black button"
                                            onClick={[Function]}
                                            role="button"
                                            to="/red-flags/undefined"
                                          >
                                            <a
                                              className="ui black button"
                                              href="/red-flags/undefined"
                                              onClick={[Function]}
                                              role="button"
                                            >
                                              <Icon
                                                as="i"
                                                name="eye"
                                              >
                                                <i
                                                  aria-hidden="true"
                                                  className="eye icon"
                                                  onClick={[Function]}
                                                />
                                              </Icon>
                                              VIEW
                                            </a>
                                          </Link>
                                        </RefFindNode>
                                      </Ref>
                                    </Button>
                                    <Button
                                      as="button"
                                      color="red"
                                      content="DELETE"
                                      icon="trash alternate outline"
                                      onClick={[Function]}
                                    >
                                      <Ref
                                        innerRef={
                                          Object {
                                            "current": <button
                                              class="ui red button"
                                            >
                                              <i
                                                aria-hidden="true"
                                                class="trash alternate outline icon"
                                              />
                                              DELETE
                                            </button>,
                                          }
                                        }
                                      >
                                        <RefFindNode
                                          innerRef={
                                            Object {
                                              "current": <button
                                                class="ui red button"
                                              >
                                                <i
                                                  aria-hidden="true"
                                                  class="trash alternate outline icon"
                                                />
                                                DELETE
                                              </button>,
                                            }
                                          }
                                        >
                                          <button
                                            className="ui red button"
                                            onClick={[Function]}
                                          >
                                            <Icon
                                              as="i"
                                              name="trash alternate outline"
                                            >
                                              <i
                                                aria-hidden="true"
                                                className="trash alternate outline icon"
                                                onClick={[Function]}
                                              />
                                            </Icon>
                                            DELETE
                                          </button>
                                        </RefFindNode>
                                      </Ref>
                                    </Button>
                                  </td>
                                </TableCell>
                              </tr>
                            </TableRow>
                            <TableRow
                              as="tr"
                              cellAs="td"
                            >
                              <tr
                                className=""
                              >
                                <TableCell
                                  as="td"
                                >
                                  <td
                                    className=""
                                  >
                                    At vitae amet.
                                  </td>
                                </TableCell>
                                <TableCell
                                  as="td"
                                >
                                  <td
                                    className=""
                                  >
                                    red-flag
                                  </td>
                                </TableCell>
                                <TableCell
                                  as="td"
                                >
                                  <td
                                    className=""
                                  />
                                </TableCell>
                                <TableCell
                                  as="td"
                                >
                                  <td
                                    className=""
                                  >
                                    <Button
                                      as={[Function]}
                                      color="black"
                                      content="VIEW"
                                      icon="eye"
                                      to="/red-flags/undefined"
                                    >
                                      <Ref
                                        innerRef={
                                          Object {
                                            "current": <a
                                              class="ui black button"
                                              href="/red-flags/undefined"
                                              role="button"
                                            >
                                              <i
                                                aria-hidden="true"
                                                class="eye icon"
                                              />
                                              VIEW
                                            </a>,
                                          }
                                        }
                                      >
                                        <RefFindNode
                                          innerRef={
                                            Object {
                                              "current": <a
                                                class="ui black button"
                                                href="/red-flags/undefined"
                                                role="button"
                                              >
                                                <i
                                                  aria-hidden="true"
                                                  class="eye icon"
                                                />
                                                VIEW
                                              </a>,
                                            }
                                          }
                                        >
                                          <Link
                                            className="ui black button"
                                            onClick={[Function]}
                                            role="button"
                                            to="/red-flags/undefined"
                                          >
                                            <a
                                              className="ui black button"
                                              href="/red-flags/undefined"
                                              onClick={[Function]}
                                              role="button"
                                            >
                                              <Icon
                                                as="i"
                                                name="eye"
                                              >
                                                <i
                                                  aria-hidden="true"
                                                  className="eye icon"
                                                  onClick={[Function]}
                                                />
                                              </Icon>
                                              VIEW
                                            </a>
                                          </Link>
                                        </RefFindNode>
                                      </Ref>
                                    </Button>
                                    <Button
                                      as="button"
                                      color="red"
                                      content="DELETE"
                                      icon="trash alternate outline"
                                      onClick={[Function]}
                                    >
                                      <Ref
                                        innerRef={
                                          Object {
                                            "current": <button
                                              class="ui red button"
                                            >
                                              <i
                                                aria-hidden="true"
                                                class="trash alternate outline icon"
                                              />
                                              DELETE
                                            </button>,
                                          }
                                        }
                                      >
                                        <RefFindNode
                                          innerRef={
                                            Object {
                                              "current": <button
                                                class="ui red button"
                                              >
                                                <i
                                                  aria-hidden="true"
                                                  class="trash alternate outline icon"
                                                />
                                                DELETE
                                              </button>,
                                            }
                                          }
                                        >
                                          <button
                                            className="ui red button"
                                            onClick={[Function]}
                                          >
                                            <Icon
                                              as="i"
                                              name="trash alternate outline"
                                            >
                                              <i
                                                aria-hidden="true"
                                                className="trash alternate outline icon"
                                                onClick={[Function]}
                                              />
                                            </Icon>
                                            DELETE
                                          </button>
                                        </RefFindNode>
                                      </Ref>
                                    </Button>
                                  </td>
                                </TableCell>
                              </tr>
                            </TableRow>
                          </tbody>
                        </TableBody>
                      </table>
                    </Table>
                  </div>
                </CardContent>
              </div>
            </Card>
          </div>
        </Profile>
      </ConnectFunction>
    </Router>
  </BrowserRouter>
</Provider>
`;
