// Jest Snapshot v1, https://goo.gl/fbAQLP

exports[`<Profile /> should match snapshot 1`] = `
<Provider
  store={
    Object {
      "dispatch": [Function],
      "getState": [Function],
      "replaceReducer": [Function],
      "subscribe": [Function],
      Symbol(observable): [Function],
    }
  }
>
  <BrowserRouter>
    <Router
      history={
        Object {
          "action": "POP",
          "block": [Function],
          "createHref": [Function],
          "go": [Function],
          "goBack": [Function],
          "goForward": [Function],
          "length": 1,
          "listen": [Function],
          "location": Object {
            "hash": "",
            "pathname": "/",
            "search": "",
            "state": undefined,
          },
          "push": [Function],
          "replace": [Function],
        }
      }
    >
      <ConnectFunction>
        <Profile
          errors={Array []}
          getAllInterventions={[Function]}
          getAllRedFlags={[Function]}
          interventions={Array []}
          loggedIn={false}
          redFlags={Array []}
          user={Object {}}
        >
          <div
            className="profile card-form"
          >
            <Card
              fluid={true}
            >
              <div
                className="ui fluid card"
                onClick={[Function]}
              >
                <CardContent>
                  <div
                    className="content"
                  >
                    <CardHeader
                      as="h1"
                    >
                      <h1
                        className="header"
                      >
                        Dashboard
                      </h1>
                    </CardHeader>
                  </div>
                </CardContent>
                <CardContent>
                  <div
                    className="content"
                  >
                    <Icon
                      as="i"
                      bordered={true}
                      fitted={true}
                      name="user circle"
                      size="huge"
                    >
                      <i
                        aria-hidden="true"
                        className="user circle huge bordered fitted icon"
                        onClick={[Function]}
                      />
                    </Icon>
                    <CardHeader>
                      <div
                        className="header"
                      >
                        undefined  undefined
                      </div>
                    </CardHeader>
                    <CardMeta>
                      <div
                        className="meta"
                      >
                        @
                      </div>
                    </CardMeta>
                    <CardMeta>
                      <div
                        className="meta"
                      />
                    </CardMeta>
                    <CardMeta>
                      <div
                        className="meta"
                      />
                    </CardMeta>
                  </div>
                </CardContent>
                <CardContent>
                  <div
                    className="content"
                  >
                    <CardDescription
                      textAlign="center"
                    >
                      <div
                        className="center aligned description"
                      >
                        <Statistic
                          as="small"
                          color="green"
                        >
                          <small
                            className="ui green statistic"
                          >
                            <StatisticValue
                              content={0}
                            >
                              <div
                                className="value"
                              >
                                0
                              </div>
                            </StatisticValue>
                            <StatisticLabel>
                              <div
                                className="label"
                              >
                                Resolved
                              </div>
                            </StatisticLabel>
                          </small>
                        </Statistic>
                        <Statistic
                          as="small"
                        >
                          <small
                            className="ui statistic"
                          >
                            <StatisticValue
                              content={0}
                            >
                              <div
                                className="value"
                              >
                                0
                              </div>
                            </StatisticValue>
                            <StatisticLabel>
                              <div
                                className="label"
                              >
                                Unesolved
                              </div>
                            </StatisticLabel>
                          </small>
                        </Statistic>
                        <Statistic
                          as="small"
                          color="red"
                        >
                          <small
                            className="ui red statistic"
                          >
                            <StatisticValue
                              content={0}
                            >
                              <div
                                className="value"
                              >
                                0
                              </div>
                            </StatisticValue>
                            <StatisticLabel>
                              <div
                                className="label"
                              >
                                Rejected
                              </div>
                            </StatisticLabel>
                          </small>
                        </Statistic>
                      </div>
                    </CardDescription>
                    <Button
                      as={[Function]}
                      color="red"
                      content="REPORT AN INCIDENT"
                      to="/report"
                    >
                      <Ref
                        innerRef={
                          Object {
                            "current": <a
                              class="ui red button"
                              href="/report"
                              role="button"
                            >
                              REPORT AN INCIDENT
                            </a>,
                          }
                        }
                      >
                        <RefFindNode
                          innerRef={
                            Object {
                              "current": <a
                                class="ui red button"
                                href="/report"
                                role="button"
                              >
                                REPORT AN INCIDENT
                              </a>,
                            }
                          }
                        >
                          <Link
                            className="ui red button"
                            onClick={[Function]}
                            role="button"
                            to="/report"
                          >
                            <a
                              className="ui red button"
                              href="/report"
                              onClick={[Function]}
                              role="button"
                            >
                              REPORT AN INCIDENT
                            </a>
                          </Link>
                        </RefFindNode>
                      </Ref>
                    </Button>
                    <ButtonGroup>
                      <div
                        className="ui buttons"
                      >
                        <Button
                          as="button"
                          color="pink"
                          onClick={[Function]}
                        >
                          <Ref
                            innerRef={
                              Object {
                                "current": <button
                                  class="ui pink button"
                                >
                                  Red-flags
                                </button>,
                              }
                            }
                          >
                            <RefFindNode
                              innerRef={
                                Object {
                                  "current": <button
                                    class="ui pink button"
                                  >
                                    Red-flags
                                  </button>,
                                }
                              }
                            >
                              <button
                                className="ui pink button"
                                onClick={[Function]}
                              >
                                Red-flags
                              </button>
                            </RefFindNode>
                          </Ref>
                        </Button>
                        <Button
                          as="button"
                          color="orange"
                          onClick={[Function]}
                        >
                          <Ref
                            innerRef={
                              Object {
                                "current": <button
                                  class="ui orange button"
                                >
                                  Interventions
                                </button>,
                              }
                            }
                          >
                            <RefFindNode
                              innerRef={
                                Object {
                                  "current": <button
                                    class="ui orange button"
                                  >
                                    Interventions
                                  </button>,
                                }
                              }
                            >
                              <button
                                className="ui orange button"
                                onClick={[Function]}
                              >
                                Interventions
                              </button>
                            </RefFindNode>
                          </Ref>
                        </Button>
                      </div>
                    </ButtonGroup>
                  </div>
                </CardContent>
                <CardContent>
                  <div
                    className="content"
                  >
                    <Table
                      as="table"
                      singleLine={true}
                      striped={true}
                    >
                      <table
                        className="ui single line striped table"
                      >
                        <TableHeader
                          as="thead"
                        >
                          <thead
                            className=""
                          >
                            <TableRow
                              as="tr"
                              cellAs="td"
                            >
                              <tr
                                className=""
                              >
                                <TableHeaderCell
                                  as="th"
                                >
                                  <TableCell
                                    as="th"
                                    className=""
                                  >
                                    <th
                                      className=""
                                    >
                                      Incident
                                    </th>
                                  </TableCell>
                                </TableHeaderCell>
                                <TableHeaderCell
                                  as="th"
                                >
                                  <TableCell
                                    as="th"
                                    className=""
                                  >
                                    <th
                                      className=""
                                    >
                                      Type
                                    </th>
                                  </TableCell>
                                </TableHeaderCell>
                                <TableHeaderCell
                                  as="th"
                                >
                                  <TableCell
                                    as="th"
                                    className=""
                                  >
                                    <th
                                      className=""
                                    >
                                      Status
                                    </th>
                                  </TableCell>
                                </TableHeaderCell>
                                <TableHeaderCell
                                  as="th"
                                  colSpan="2"
                                >
                                  <TableCell
                                    as="th"
                                    className=""
                                    colSpan="2"
                                  >
                                    <th
                                      className=""
                                      colSpan="2"
                                    >
                                      Actions
                                    </th>
                                  </TableCell>
                                </TableHeaderCell>
                              </tr>
                            </TableRow>
                          </thead>
                        </TableHeader>
                        <TableBody
                          as="tbody"
                        >
                          <tbody
                            className=""
                          />
                        </TableBody>
                      </table>
                    </Table>
                  </div>
                </CardContent>
              </div>
            </Card>
          </div>
        </Profile>
      </ConnectFunction>
    </Router>
  </BrowserRouter>
</Provider>
`;
